[html.dynamiclayers.net/dl/wengty/index-2.html]
[backblue.gif]
[fade.gif]
[index.html]
[html.dynamiclayers.net/dl/wengty/img/favicon.png]
[html.dynamiclayers.net/dl/wengty/css/fontawesome.min.css]
[html.dynamiclayers.net/dl/wengty/css/themify-icons.css]
[html.dynamiclayers.net/dl/wengty/css/elegant-font-icons.css]
[html.dynamiclayers.net/dl/wengty/css/elegant-line-icons.css]
[html.dynamiclayers.net/dl/wengty/css/flaticon.css]
[html.dynamiclayers.net/dl/wengty/css/bootstrap.min.css]
[html.dynamiclayers.net/dl/wengty/css/venobox/venobox.css]
[html.dynamiclayers.net/dl/wengty/css/owl.carousel.css]
[html.dynamiclayers.net/dl/wengty/css/nice-select.css]
[html.dynamiclayers.net/dl/wengty/css/slicknav.min.css]
[html.dynamiclayers.net/dl/wengty/css/css-animation.min.css]
[html.dynamiclayers.net/dl/wengty/css/nivo-slider.css]
[html.dynamiclayers.net/dl/wengty/css/main.css]
[html.dynamiclayers.net/dl/wengty/css/responsive.css]
[html.dynamiclayers.net/dl/wengty/js/vendor/modernizr-2.8.3-respond-1.4.2.min.js]
[html.dynamiclayers.net/dl/wengty/index.html]
[html.dynamiclayers.net/dl/wengty/img/logo.png]
[html.dynamiclayers.net/dl/wengty/index-3.html]
[html.dynamiclayers.net/dl/wengty/index-5.html]
[html.dynamiclayers.net/dl/wengty/index-4.html]
[html.dynamiclayers.net/dl/wengty/about.html]
[html.dynamiclayers.net/dl/wengty/about-2.html]
[html.dynamiclayers.net/dl/wengty/services.html]
[html.dynamiclayers.net/dl/wengty/projects.html]
[html.dynamiclayers.net/dl/wengty/projects-details.html]
[html.dynamiclayers.net/dl/wengty/team.html]
[html.dynamiclayers.net/dl/wengty/404.html]
[html.dynamiclayers.net/dl/wengty/blog-grid.html]
[html.dynamiclayers.net/dl/wengty/blog-sidebar.html]
[html.dynamiclayers.net/dl/wengty/blog-single.html]
[html.dynamiclayers.net/dl/wengty/contact.html]
[html.dynamiclayers.net/dl/wengty/img/slider-1.jpg]
[html.dynamiclayers.net/dl/wengty/img/slider-2.jpg]
[html.dynamiclayers.net/dl/wengty/img/slider-3.jpg]
[html.dynamiclayers.net/dl/wengty/img/about-slide-1.jpg]
[html.dynamiclayers.net/dl/wengty/img/about-slide-2.jpg]
[html.dynamiclayers.net/dl/wengty/img/post-1.jpg]
[html.dynamiclayers.net/dl/wengty/img/post-4.jpg]
[html.dynamiclayers.net/dl/wengty/img/post-6.jpg]
[html.dynamiclayers.net/dl/wengty/img/project-1.jpg]
[html.dynamiclayers.net/dl/wengty/img/project-2.jpg]
[html.dynamiclayers.net/dl/wengty/img/project-3.jpg]
[html.dynamiclayers.net/dl/wengty/img/project-4.jpg]
[html.dynamiclayers.net/dl/wengty/img/project-5.jpg]
[html.dynamiclayers.net/dl/wengty/img/project-6.jpg]
[html.dynamiclayers.net/dl/wengty/img/Worker-1.jpg]
[html.dynamiclayers.net/dl/wengty/img/Worker-2.jpg]
[html.dynamiclayers.net/dl/wengty/img/Worker-3.jpg]
[html.dynamiclayers.net/dl/wengty/img/Worker-4.jpg]
[html.dynamiclayers.net/dl/wengty/img/testimonial-1.jpg]
[html.dynamiclayers.net/dl/wengty/img/testimonial-2.jpg]
[html.dynamiclayers.net/dl/wengty/img/testimonial-3.jpg]
[html.dynamiclayers.net/dl/wengty/img/post-2.jpg]
[html.dynamiclayers.net/dl/wengty/img/post-3.jpg]
[html.dynamiclayers.net/dl/wengty/img/logo-1.png]
[html.dynamiclayers.net/dl/wengty/img/logo-2.png]
[html.dynamiclayers.net/dl/wengty/img/logo-3.png]
[html.dynamiclayers.net/dl/wengty/img/logo-4.png]
[html.dynamiclayers.net/dl/wengty/img/logo-5.png]
[html.dynamiclayers.net/dl/wengty/img/logo-6.png]
[html.dynamiclayers.net/dl/wengty/img/logo-light.png]
[html.dynamiclayers.net/cdn-cgi/scripts/5c5dd728/cloudflare-static/email-decode.min.js]
[html.dynamiclayers.net/dl/wengty/js/vendor/jquery-1.12.4.min.js]
[html.dynamiclayers.net/dl/wengty/js/vendor/bootstrap.min.js]
[html.dynamiclayers.net/dl/wengty/js/vendor/tether.min.js]
[html.dynamiclayers.net/dl/wengty/js/vendor/imagesloaded.pkgd.min.js]
[html.dynamiclayers.net/dl/wengty/js/vendor/owl.carousel.min.js]
[html.dynamiclayers.net/dl/wengty/js/vendor/jquery.isotope.v3.0.2.js]
[html.dynamiclayers.net/dl/wengty/js/vendor/smooth-scroll.min.js]
[html.dynamiclayers.net/dl/wengty/js/vendor/venobox.min.js]
[html.dynamiclayers.net/dl/wengty/js/vendor/jquery.counterup.min.js]
[html.dynamiclayers.net/dl/wengty/js/vendor/jquery.waypoints.v2.0.3.min.js]
[html.dynamiclayers.net/dl/wengty/js/vendor/jquery.slicknav.min.js]
[html.dynamiclayers.net/dl/wengty/js/vendor/jquery.nivo.slider.pack.js]
[html.dynamiclayers.net/dl/wengty/js/vendor/jquery.nice-select.min.js]
[html.dynamiclayers.net/dl/wengty/js/vendor/jquery.mb.YTPlayer.min.js]
[html.dynamiclayers.net/dl/wengty/js/vendor/wow.min.js]
[html.dynamiclayers.net/dl/wengty/js/contact.js]
[html.dynamiclayers.net/dl/wengty/js/quote.js]
[html.dynamiclayers.net/dl/wengty/js/main.js]
[html.dynamiclayers.net/cdn-cgi/challenge-platform/scripts/jsd/main.js]
[html.dynamiclayers.net/dl/wengty/index-2.html]
[html.dynamiclayers.net/cdn-cgi/challenge-platform/h/g/scripts/jsd/0cecfec7/main.js]
[html.dynamiclayers.net/dl/wengty/fonts/fa-brands-400d41d.eot]
[html.dynamiclayers.net/dl/wengty/fonts/fa-brands-400.eot]
[html.dynamiclayers.net/dl/wengty/fonts/fa-brands-400.woff2]
[html.dynamiclayers.net/dl/wengty/fonts/fa-brands-400.woff]
[html.dynamiclayers.net/dl/wengty/fonts/fa-brands-400.ttf]
[html.dynamiclayers.net/dl/wengty/fonts/fa-regular-400.eot]
[html.dynamiclayers.net/dl/wengty/fonts/fa-brands-400.svg]
[html.dynamiclayers.net/dl/wengty/fonts/fa-regular-400d41d.eot]
[html.dynamiclayers.net/dl/wengty/fonts/fa-regular-400.woff2]
[html.dynamiclayers.net/dl/wengty/fonts/fa-regular-400.woff]
[html.dynamiclayers.net/dl/wengty/fonts/fa-regular-400.ttf]
[html.dynamiclayers.net/dl/wengty/fonts/fa-regular-400.svg]
[html.dynamiclayers.net/dl/wengty/fonts/fa-solid-900.eot]
[html.dynamiclayers.net/dl/wengty/fonts/fa-solid-900d41d.eot]
[html.dynamiclayers.net/dl/wengty/fonts/fa-solid-900.woff2]
[html.dynamiclayers.net/dl/wengty/fonts/fa-solid-900.woff]
[html.dynamiclayers.net/dl/wengty/fonts/fa-solid-900.ttf]
[html.dynamiclayers.net/dl/wengty/css/fontawesome.min.css]
[html.dynamiclayers.net/dl/wengty/fonts/fa-solid-900.svg]
[html.dynamiclayers.net/dl/wengty/fonts/themify9f24.eot]
[html.dynamiclayers.net/dl/wengty/fonts/themifyd41d.eot]
[html.dynamiclayers.net/dl/wengty/fonts/themify9f24.woff]
[html.dynamiclayers.net/dl/wengty/fonts/themify9f24.ttf]
[html.dynamiclayers.net/dl/wengty/css/themify-icons.css]
[html.dynamiclayers.net/dl/wengty/fonts/themify9f24.svg]
[html.dynamiclayers.net/dl/wengty/fonts/ElegantIcons.eot]
[html.dynamiclayers.net/dl/wengty/fonts/ElegantIconsd41d.eot]
[html.dynamiclayers.net/dl/wengty/fonts/ElegantIcons.woff]
[html.dynamiclayers.net/dl/wengty/fonts/ElegantIcons.ttf]
[html.dynamiclayers.net/dl/wengty/css/elegant-font-icons.css]
[html.dynamiclayers.net/dl/wengty/fonts/ElegantIcons.svg]
[html.dynamiclayers.net/dl/wengty/fonts/et-line.eot]
[html.dynamiclayers.net/dl/wengty/fonts/et-lined41d.eot]
[html.dynamiclayers.net/dl/wengty/fonts/et-line.woff]
[html.dynamiclayers.net/dl/wengty/fonts/et-line.ttf]
[html.dynamiclayers.net/dl/wengty/css/elegant-line-icons.css]
[html.dynamiclayers.net/dl/wengty/fonts/et-line.svg]
[html.dynamiclayers.net/dl/wengty/fonts/Flaticon.eot]
[html.dynamiclayers.net/dl/wengty/fonts/Flaticond41d.eot]
[html.dynamiclayers.net/dl/wengty/fonts/Flaticon.woff2]
[html.dynamiclayers.net/dl/wengty/fonts/Flaticon.woff]
[html.dynamiclayers.net/dl/wengty/fonts/Flaticon.ttf]
[html.dynamiclayers.net/dl/wengty/fonts/Flaticon.svg]
[html.dynamiclayers.net/dl/wengty/css/flaticon.css]
[html.dynamiclayers.net/dl/wengty/css/bootstrap.min.css]
[html.dynamiclayers.net/dl/wengty/css/venobox/venobox.css]
[html.dynamiclayers.net/dl/wengty/css/owl.carousel.css]
[html.dynamiclayers.net/dl/wengty/css/nice-select.css]
[html.dynamiclayers.net/dl/wengty/css/slicknav.min.css]
[html.dynamiclayers.net/dl/wengty/css/css-animation.min.css]
[html.dynamiclayers.net/dl/wengty/css/nivo-slider.css]
[html.dynamiclayers.net/dl/wengty/img/about-bg.jpg]
[html.dynamiclayers.net/dl/wengty/img/video-background.jpg]
[html.dynamiclayers.net/dl/wengty/img/counters-bg.jpg]
[html.dynamiclayers.net/dl/wengty/img/cta-bg.jpg]
[html.dynamiclayers.net/dl/wengty/img/callout-bg.jpg]
[html.dynamiclayers.net/dl/wengty/img/hero-background.jpg]
[html.dynamiclayers.net/dl/wengty/img/hero-video-background.jpg]
[html.dynamiclayers.net/dl/wengty/img/page-header-bg.jpg]
[html.dynamiclayers.net/dl/wengty/img/quote.png]
[html.dynamiclayers.net/dl/wengty/css/main.css]
[html.dynamiclayers.net/dl/wengty/css/responsive.css]
[html.dynamiclayers.net/dl/wengty/img/preloader.svg]
[html.dynamiclayers.net/dl/wengty/img/sign.gif]
[html.dynamiclayers.net/dl/wengty/index.html]
[html.dynamiclayers.net/dl/wengty/index-3.html]
[html.dynamiclayers.net/dl/wengty/index-5.html]
[html.dynamiclayers.net/dl/wengty/img/people.png]
[html.dynamiclayers.net/dl/wengty/index-4.html]
[html.dynamiclayers.net/dl/wengty/about.html]
[html.dynamiclayers.net/dl/wengty/about-2.html]
[html.dynamiclayers.net/dl/wengty/img/post-5.jpg]
[html.dynamiclayers.net/dl/wengty/services.html]
[html.dynamiclayers.net/dl/wengty/projects.html]
[html.dynamiclayers.net/dl/wengty/img/project-details-1.jpg]
[html.dynamiclayers.net/dl/wengty/img/project-details-2.jpg]
[html.dynamiclayers.net/dl/wengty/img/project-details-3.jpg]
[html.dynamiclayers.net/dl/wengty/projects-details.html]
[html.dynamiclayers.net/dl/wengty/team.html]
[html.dynamiclayers.net/dl/wengty/404.html]
[html.dynamiclayers.net/dl/wengty/blog-grid.html]
[html.dynamiclayers.net/dl/wengty/blog-sidebar.html]
[html.dynamiclayers.net/dl/wengty/img/blog-single.jpg]
[html.dynamiclayers.net/dl/wengty/img/author.jpg]
[html.dynamiclayers.net/dl/wengty/img/comment-1.jpg]
[html.dynamiclayers.net/dl/wengty/img/comment-2.jpg]
[html.dynamiclayers.net/dl/wengty/img/comment-3.jpg]
[html.dynamiclayers.net/dl/wengty/blog-single.html]
[html.dynamiclayers.net/dl/wengty/contact.html]
[html.dynamiclayers.net/dl/wengty/fonts/fa-brands-400.svg]
[html.dynamiclayers.net/dl/wengty/fonts/fa-regular-400.svg]
[html.dynamiclayers.net/dl/wengty/fonts/fa-solid-900.svg]
[html.dynamiclayers.net/dl/wengty/fonts/themify9f24.svg]
[html.dynamiclayers.net/dl/wengty/fonts/ElegantIcons.svg]
[html.dynamiclayers.net/dl/wengty/fonts/et-line.svg]
[html.dynamiclayers.net/dl/wengty/fonts/Flaticon.svg]
[html.dynamiclayers.net/dl/wengty/img/preloader.svg]
[html.dynamiclayers.net/dl/wengty/css/Flaticon.html]
[html.dynamiclayers.net/dl/wengty/css/owl.video.play.html]
[html.dynamiclayers.net/dl/wengty/js/vendor/jquery.ajaxchimp.min.html]
